/xmlrpc.php https://www.ameli.fr/error/404
:80/assures/droits-et-demarches/par-situation-personnelle/vous-avez-des-difficultes-financieres/c.m.u.-de-base-une-assurance-maladie-pour-tous/objectif-l-acces-a-l-8217-assurance-maladie_deux-sevres.php https://www.ameli.fr/assure/droits-demarches/difficultes-financieres/complementaire-sante/cmu-complementaire
:80/assures/soins-et-remboursements/prevention-prise-en-charge-par-l-assurance-maladie/la-prise-en-charge-des-substituts-nicotiniques.php https://www.ameli.fr/assure/remboursements/rembourse/medicaments-vaccins-dispositifs-medicaux/prise-charge-substituts-nicotiniques
/professionnels-de-sante/chirurgiens-dentistes/votre-caisse-vosges/vous-informer/les-cis-et-les-dam_vosges.php https://www.ameli.fr/chirurgien-dentiste/contacts
/professionnels-de-sante/fournisseurs-de-biens-medicaux/votre-caisse-somme/vous-informer/numeros-finess-des-etablissements-hospitaliers_somme.php https://www.ameli.fr/laboratoire-danalyses-medicales/contacts
/professionnels-de-sante/directeurs-d-etablissements-de-sante/votre-caisse-rhone/en-ce-moment/forfaits-techniques-irm-scanner-et-tep_rhone.php https://www.ameli.fr/etablissement-de-sante/contacts
/employeurs/votre-caisse-artois/vous-informer/dernier-jour-de-travail-memo-sur-les-regles_artois.php https://www.ameli.fr/employeur/contacts
/assures/votre-caisse-loiret/en-ce-moment/pension-d-invalidite-dates-des-paiements-en-2017_loiret.php https://www.ameli.fr/assure/adresses-et-contacts
/assures/votre-caisse-haut-rhin/vous-informer/carte-europeenne-d-assurance-maladie-ceam_haut-rhin.php https://www.ameli.fr/assure/adresses-et-contacts
/assures/votre-caisse-aveyron/en-ce-moment/remboursement-de-bas-et-ou-collants-de-contention_aveyron.php https://www.ameli.fr/assure/adresses-et-contacts
